# load graph
loaded graph g

# find path
unknown character Eric
unknown character Wang