# load graph
loaded graph g

# find path
path from Java to Java:
total cost: 0.000