# load graph
loaded graph g

# find path
no path found