# load graph
loaded graph g

# find path
path from Java to Data:
Java to Data via CSE143