# load graph
loaded graph g

# find path
path from Java to C:
no path found