# Load graph
loaded graph staffs

# Find path
path from Ernst-the-Bicycling-Wizard to Ernst-the-Bicycling-Wizard: