# load graph
loaded graph g

# find path, one unknown
unknown character Physics

# find path, two unknown
unknown character Chemistry
unknown character Physics
